
 Submenu Module

 s submenu >

 spacebar back, tabulation bash, return repeat, backspace reload, ^d or ^c quit

 ? s

 Submenu Module
 submenu

 e echo submodule

 spacebar back, tabulation bash, return repeat, backspace reload, ^d or ^c quit

 ? e

 /bin/bash -c 'echo submodule'

submodule

 Submenu Module
 submenu

 e echo submodule

 spacebar back, tabulation bash, return repeat, backspace reload, ^d or ^c quit

 ? 
