ReferenceError: 'callToUndefinedMethod' is not defined
    at <anonymous>:2:13
    at <unknown>
