
 bash

 no items found

 spacebar back, tabulation bash, return repeat, backspace reload, ^d or ^c quit

 ? tabulation

 /bin/bash -c 'bash -l'

hs.js

 bash

 no items found

 spacebar back, tabulation bash, return repeat, backspace reload, ^d or ^c quit

 ? 
