(anonymous): Line 2:17 Unexpected token { (and 2 more errors)
