motto: (anonymous): Line 2:17 Unexpected token { (and 2 more errors)
    at <unknown>
    at <anonymous>:2:1
    at <unknown>
