
 Reference Error in closure [Exception caught, ReferenceError: 'callToUndefinedMethod' is not defined]

 no items found

 spacebar back, tabulation bash, return repeat, backspace reload, ^d or ^c quit

 ? 
